Analysis & Synthesis report for alu
Wed Dec 18 16:50:11 2024
Quartus II 64-Bit Version 13.1.0 Build 162 10/23/2013 SJ Web Edition


---------------------
; Table of Contents ;
---------------------
  1. Legal Notice
  2. Analysis & Synthesis Summary
  3. Analysis & Synthesis Settings
  4. Parallel Compilation
  5. Analysis & Synthesis Source Files Read
  6. Analysis & Synthesis Resource Usage Summary
  7. Analysis & Synthesis Resource Utilization by Entity
  8. General Register Statistics
  9. Multiplexer Restructuring Statistics (Restructuring Performed)
 10. Port Connectivity Checks: "mux_8to1:mux"
 11. Port Connectivity Checks: "subtractor_32bit:sub|adder_32bit:adder_inst"
 12. Port Connectivity Checks: "adder_32bit:add|full_adder:fa31"
 13. Port Connectivity Checks: "adder_32bit:add"
 14. Elapsed Time Per Partition
 15. Analysis & Synthesis Messages



----------------
; Legal Notice ;
----------------
Copyright (C) 1991-2013 Altera Corporation
Your use of Altera Corporation's design tools, logic functions 
and other software and tools, and its AMPP partner logic 
functions, and any output files from any of the foregoing 
(including device programming or simulation files), and any 
associated documentation or information are expressly subject 
to the terms and conditions of the Altera Program License 
Subscription Agreement, Altera MegaCore Function License 
Agreement, or other applicable license agreement, including, 
without limitation, that your use is for the sole purpose of 
programming logic devices manufactured by Altera and sold by 
Altera or its authorized distributors.  Please refer to the 
applicable agreement for further details.



+------------------------------------------------------------------------------+
; Analysis & Synthesis Summary                                                 ;
+---------------------------------+--------------------------------------------+
; Analysis & Synthesis Status     ; Successful - Wed Dec 18 16:50:11 2024      ;
; Quartus II 64-Bit Version       ; 13.1.0 Build 162 10/23/2013 SJ Web Edition ;
; Revision Name                   ; alu                                        ;
; Top-level Entity Name           ; alu                                        ;
; Family                          ; Cyclone V                                  ;
; Logic utilization (in ALMs)     ; N/A                                        ;
; Total registers                 ; 0                                          ;
; Total pins                      ; 100                                        ;
; Total virtual pins              ; 0                                          ;
; Total block memory bits         ; 0                                          ;
; Total DSP Blocks                ; 0                                          ;
; Total HSSI RX PCSs              ; 0                                          ;
; Total HSSI PMA RX Deserializers ; 0                                          ;
; Total HSSI TX PCSs              ; 0                                          ;
; Total HSSI TX Channels          ; 0                                          ;
; Total PLLs                      ; 0                                          ;
; Total DLLs                      ; 0                                          ;
+---------------------------------+--------------------------------------------+


+---------------------------------------------------------------------------------------------------------------------------+
; Analysis & Synthesis Settings                                                                                             ;
+---------------------------------------------------------------------------------+--------------------+--------------------+
; Option                                                                          ; Setting            ; Default Value      ;
+---------------------------------------------------------------------------------+--------------------+--------------------+
; Device                                                                          ; 5CGXFC7C7F23C8     ;                    ;
; Top-level entity name                                                           ; alu                ; alu                ;
; Family name                                                                     ; Cyclone V          ; Cyclone IV GX      ;
; Use smart compilation                                                           ; Off                ; Off                ;
; Enable parallel Assembler and TimeQuest Timing Analyzer during compilation      ; On                 ; On                 ;
; Enable compact report table                                                     ; Off                ; Off                ;
; Restructure Multiplexers                                                        ; Auto               ; Auto               ;
; MLAB Add Timing Constraints For Mixed-Port Feed-Through Mode Setting Don't Care ; Off                ; Off                ;
; Create Debugging Nodes for IP Cores                                             ; Off                ; Off                ;
; Preserve fewer node names                                                       ; On                 ; On                 ;
; Disable OpenCore Plus hardware evaluation                                       ; Off                ; Off                ;
; Verilog Version                                                                 ; Verilog_2001       ; Verilog_2001       ;
; VHDL Version                                                                    ; VHDL_1993          ; VHDL_1993          ;
; State Machine Processing                                                        ; Auto               ; Auto               ;
; Safe State Machine                                                              ; Off                ; Off                ;
; Extract Verilog State Machines                                                  ; On                 ; On                 ;
; Extract VHDL State Machines                                                     ; On                 ; On                 ;
; Ignore Verilog initial constructs                                               ; Off                ; Off                ;
; Iteration limit for constant Verilog loops                                      ; 5000               ; 5000               ;
; Iteration limit for non-constant Verilog loops                                  ; 250                ; 250                ;
; Add Pass-Through Logic to Inferred RAMs                                         ; On                 ; On                 ;
; Infer RAMs from Raw Logic                                                       ; On                 ; On                 ;
; Parallel Synthesis                                                              ; On                 ; On                 ;
; DSP Block Balancing                                                             ; Auto               ; Auto               ;
; NOT Gate Push-Back                                                              ; On                 ; On                 ;
; Power-Up Don't Care                                                             ; On                 ; On                 ;
; Remove Redundant Logic Cells                                                    ; Off                ; Off                ;
; Remove Duplicate Registers                                                      ; On                 ; On                 ;
; Ignore CARRY Buffers                                                            ; Off                ; Off                ;
; Ignore CASCADE Buffers                                                          ; Off                ; Off                ;
; Ignore GLOBAL Buffers                                                           ; Off                ; Off                ;
; Ignore ROW GLOBAL Buffers                                                       ; Off                ; Off                ;
; Ignore LCELL Buffers                                                            ; Off                ; Off                ;
; Ignore SOFT Buffers                                                             ; On                 ; On                 ;
; Limit AHDL Integers to 32 Bits                                                  ; Off                ; Off                ;
; Optimization Technique                                                          ; Balanced           ; Balanced           ;
; Carry Chain Length                                                              ; 70                 ; 70                 ;
; Auto Carry Chains                                                               ; On                 ; On                 ;
; Auto Open-Drain Pins                                                            ; On                 ; On                 ;
; Perform WYSIWYG Primitive Resynthesis                                           ; Off                ; Off                ;
; Auto ROM Replacement                                                            ; On                 ; On                 ;
; Auto RAM Replacement                                                            ; On                 ; On                 ;
; Auto DSP Block Replacement                                                      ; On                 ; On                 ;
; Auto Shift Register Replacement                                                 ; Auto               ; Auto               ;
; Allow Shift Register Merging across Hierarchies                                 ; Auto               ; Auto               ;
; Auto Clock Enable Replacement                                                   ; On                 ; On                 ;
; Strict RAM Replacement                                                          ; Off                ; Off                ;
; Allow Synchronous Control Signals                                               ; On                 ; On                 ;
; Force Use of Synchronous Clear Signals                                          ; Off                ; Off                ;
; Auto Resource Sharing                                                           ; Off                ; Off                ;
; Allow Any RAM Size For Recognition                                              ; Off                ; Off                ;
; Allow Any ROM Size For Recognition                                              ; Off                ; Off                ;
; Allow Any Shift Register Size For Recognition                                   ; Off                ; Off                ;
; Use LogicLock Constraints during Resource Balancing                             ; On                 ; On                 ;
; Ignore translate_off and synthesis_off directives                               ; Off                ; Off                ;
; Timing-Driven Synthesis                                                         ; On                 ; On                 ;
; Report Parameter Settings                                                       ; On                 ; On                 ;
; Report Source Assignments                                                       ; On                 ; On                 ;
; Report Connectivity Checks                                                      ; On                 ; On                 ;
; Ignore Maximum Fan-Out Assignments                                              ; Off                ; Off                ;
; Synchronization Register Chain Length                                           ; 3                  ; 3                  ;
; PowerPlay Power Optimization                                                    ; Normal compilation ; Normal compilation ;
; HDL message level                                                               ; Level2             ; Level2             ;
; Suppress Register Optimization Related Messages                                 ; Off                ; Off                ;
; Number of Removed Registers Reported in Synthesis Report                        ; 5000               ; 5000               ;
; Number of Swept Nodes Reported in Synthesis Report                              ; 5000               ; 5000               ;
; Number of Inverted Registers Reported in Synthesis Report                       ; 100                ; 100                ;
; Clock MUX Protection                                                            ; On                 ; On                 ;
; Auto Gated Clock Conversion                                                     ; Off                ; Off                ;
; Block Design Naming                                                             ; Auto               ; Auto               ;
; SDC constraint protection                                                       ; Off                ; Off                ;
; Synthesis Effort                                                                ; Auto               ; Auto               ;
; Shift Register Replacement - Allow Asynchronous Clear Signal                    ; On                 ; On                 ;
; Pre-Mapping Resynthesis Optimization                                            ; Off                ; Off                ;
; Analysis & Synthesis Message Level                                              ; Medium             ; Medium             ;
; Disable Register Merging Across Hierarchies                                     ; Auto               ; Auto               ;
; Resource Aware Inference For Block RAM                                          ; On                 ; On                 ;
; Synthesis Seed                                                                  ; 1                  ; 1                  ;
; Automatic Parallel Synthesis                                                    ; On                 ; On                 ;
+---------------------------------------------------------------------------------+--------------------+--------------------+


Parallel compilation was disabled, but you have multiple processors available. Enable parallel compilation to reduce compilation time.
+-------------------------------------+
; Parallel Compilation                ;
+----------------------------+--------+
; Processors                 ; Number ;
+----------------------------+--------+
; Number detected on machine ; 8      ;
; Maximum allowed            ; 1      ;
+----------------------------+--------+


+----------------------------------------------------------------------------------------------------------------------------------------+
; Analysis & Synthesis Source Files Read                                                                                                 ;
+----------------------------------+-----------------+------------------------+------------------------------------------------+---------+
; File Name with User-Entered Path ; Used in Netlist ; File Type              ; File Name with Absolute Path                   ; Library ;
+----------------------------------+-----------------+------------------------+------------------------------------------------+---------+
; subtractor_32bit.v               ; yes             ; User Verilog HDL File  ; C:/altera/13.1/projects/alu/subtractor_32bit.v ;         ;
; mux_8to1.v                       ; yes             ; User Verilog HDL File  ; C:/altera/13.1/projects/alu/mux_8to1.v         ;         ;
; full_adder.v                     ; yes             ; User Verilog HDL File  ; C:/altera/13.1/projects/alu/full_adder.v       ;         ;
; bitwise_xor.v                    ; yes             ; User Verilog HDL File  ; C:/altera/13.1/projects/alu/bitwise_xor.v      ;         ;
; bitwise_or.v                     ; yes             ; User Verilog HDL File  ; C:/altera/13.1/projects/alu/bitwise_or.v       ;         ;
; bitwise_nor.v                    ; yes             ; User Verilog HDL File  ; C:/altera/13.1/projects/alu/bitwise_nor.v      ;         ;
; bitwise_and.v                    ; yes             ; User Verilog HDL File  ; C:/altera/13.1/projects/alu/bitwise_and.v      ;         ;
; alu.v                            ; yes             ; User Verilog HDL File  ; C:/altera/13.1/projects/alu/alu.v              ;         ;
; adder_32bit.v                    ; yes             ; User Verilog HDL File  ; C:/altera/13.1/projects/alu/adder_32bit.v      ;         ;
+----------------------------------+-----------------+------------------------+------------------------------------------------+---------+


+---------------------------------------------------------------+
; Analysis & Synthesis Resource Usage Summary                   ;
+---------------------------------------------+-----------------+
; Resource                                    ; Usage           ;
+---------------------------------------------+-----------------+
; Estimate of Logic utilization (ALMs needed) ; 86              ;
;                                             ;                 ;
; Combinational ALUT usage for logic          ; 118             ;
;     -- 7 input functions                    ; 30              ;
;     -- 6 input functions                    ; 24              ;
;     -- 5 input functions                    ; 5               ;
;     -- 4 input functions                    ; 4               ;
;     -- <=3 input functions                  ; 55              ;
;                                             ;                 ;
; Dedicated logic registers                   ; 0               ;
;                                             ;                 ;
; I/O pins                                    ; 100             ;
; Total DSP Blocks                            ; 0               ;
; Maximum fan-out node                        ; alu_op[0]~input ;
; Maximum fan-out                             ; 33              ;
; Total fan-out                               ; 667             ;
; Average fan-out                             ; 2.10            ;
+---------------------------------------------+-----------------+


+------------------------------------------------------------------------------------------------------------------------------------------------------------------------------------------------------------+
; Analysis & Synthesis Resource Utilization by Entity                                                                                                                                                        ;
+--------------------------------+-------------------+--------------+-------------------+------------+------+--------------+------------------------------------------------------------------+--------------+
; Compilation Hierarchy Node     ; LC Combinationals ; LC Registers ; Block Memory Bits ; DSP Blocks ; Pins ; Virtual Pins ; Full Hierarchy Name                                              ; Library Name ;
+--------------------------------+-------------------+--------------+-------------------+------------+------+--------------+------------------------------------------------------------------+--------------+
; |alu                           ; 118 (0)           ; 0 (0)        ; 0                 ; 0          ; 100  ; 0            ; |alu                                                             ; work         ;
;    |adder_32bit:add|           ; 40 (0)            ; 0 (0)        ; 0                 ; 0          ; 0    ; 0            ; |alu|adder_32bit:add                                             ; work         ;
;       |full_adder:fa10|        ; 3 (3)             ; 0 (0)        ; 0                 ; 0          ; 0    ; 0            ; |alu|adder_32bit:add|full_adder:fa10                             ; work         ;
;       |full_adder:fa11|        ; 1 (1)             ; 0 (0)        ; 0                 ; 0          ; 0    ; 0            ; |alu|adder_32bit:add|full_adder:fa11                             ; work         ;
;       |full_adder:fa12|        ; 1 (1)             ; 0 (0)        ; 0                 ; 0          ; 0    ; 0            ; |alu|adder_32bit:add|full_adder:fa12                             ; work         ;
;       |full_adder:fa13|        ; 1 (1)             ; 0 (0)        ; 0                 ; 0          ; 0    ; 0            ; |alu|adder_32bit:add|full_adder:fa13                             ; work         ;
;       |full_adder:fa14|        ; 1 (1)             ; 0 (0)        ; 0                 ; 0          ; 0    ; 0            ; |alu|adder_32bit:add|full_adder:fa14                             ; work         ;
;       |full_adder:fa15|        ; 3 (3)             ; 0 (0)        ; 0                 ; 0          ; 0    ; 0            ; |alu|adder_32bit:add|full_adder:fa15                             ; work         ;
;       |full_adder:fa16|        ; 1 (1)             ; 0 (0)        ; 0                 ; 0          ; 0    ; 0            ; |alu|adder_32bit:add|full_adder:fa16                             ; work         ;
;       |full_adder:fa17|        ; 1 (1)             ; 0 (0)        ; 0                 ; 0          ; 0    ; 0            ; |alu|adder_32bit:add|full_adder:fa17                             ; work         ;
;       |full_adder:fa18|        ; 1 (1)             ; 0 (0)        ; 0                 ; 0          ; 0    ; 0            ; |alu|adder_32bit:add|full_adder:fa18                             ; work         ;
;       |full_adder:fa19|        ; 1 (1)             ; 0 (0)        ; 0                 ; 0          ; 0    ; 0            ; |alu|adder_32bit:add|full_adder:fa19                             ; work         ;
;       |full_adder:fa1|         ; 1 (1)             ; 0 (0)        ; 0                 ; 0          ; 0    ; 0            ; |alu|adder_32bit:add|full_adder:fa1                              ; work         ;
;       |full_adder:fa20|        ; 3 (3)             ; 0 (0)        ; 0                 ; 0          ; 0    ; 0            ; |alu|adder_32bit:add|full_adder:fa20                             ; work         ;
;       |full_adder:fa21|        ; 1 (1)             ; 0 (0)        ; 0                 ; 0          ; 0    ; 0            ; |alu|adder_32bit:add|full_adder:fa21                             ; work         ;
;       |full_adder:fa22|        ; 1 (1)             ; 0 (0)        ; 0                 ; 0          ; 0    ; 0            ; |alu|adder_32bit:add|full_adder:fa22                             ; work         ;
;       |full_adder:fa23|        ; 1 (1)             ; 0 (0)        ; 0                 ; 0          ; 0    ; 0            ; |alu|adder_32bit:add|full_adder:fa23                             ; work         ;
;       |full_adder:fa24|        ; 1 (1)             ; 0 (0)        ; 0                 ; 0          ; 0    ; 0            ; |alu|adder_32bit:add|full_adder:fa24                             ; work         ;
;       |full_adder:fa25|        ; 3 (3)             ; 0 (0)        ; 0                 ; 0          ; 0    ; 0            ; |alu|adder_32bit:add|full_adder:fa25                             ; work         ;
;       |full_adder:fa26|        ; 1 (1)             ; 0 (0)        ; 0                 ; 0          ; 0    ; 0            ; |alu|adder_32bit:add|full_adder:fa26                             ; work         ;
;       |full_adder:fa27|        ; 1 (1)             ; 0 (0)        ; 0                 ; 0          ; 0    ; 0            ; |alu|adder_32bit:add|full_adder:fa27                             ; work         ;
;       |full_adder:fa28|        ; 1 (1)             ; 0 (0)        ; 0                 ; 0          ; 0    ; 0            ; |alu|adder_32bit:add|full_adder:fa28                             ; work         ;
;       |full_adder:fa29|        ; 1 (1)             ; 0 (0)        ; 0                 ; 0          ; 0    ; 0            ; |alu|adder_32bit:add|full_adder:fa29                             ; work         ;
;       |full_adder:fa2|         ; 1 (1)             ; 0 (0)        ; 0                 ; 0          ; 0    ; 0            ; |alu|adder_32bit:add|full_adder:fa2                              ; work         ;
;       |full_adder:fa30|        ; 1 (1)             ; 0 (0)        ; 0                 ; 0          ; 0    ; 0            ; |alu|adder_32bit:add|full_adder:fa30                             ; work         ;
;       |full_adder:fa3|         ; 1 (1)             ; 0 (0)        ; 0                 ; 0          ; 0    ; 0            ; |alu|adder_32bit:add|full_adder:fa3                              ; work         ;
;       |full_adder:fa4|         ; 1 (1)             ; 0 (0)        ; 0                 ; 0          ; 0    ; 0            ; |alu|adder_32bit:add|full_adder:fa4                              ; work         ;
;       |full_adder:fa5|         ; 3 (3)             ; 0 (0)        ; 0                 ; 0          ; 0    ; 0            ; |alu|adder_32bit:add|full_adder:fa5                              ; work         ;
;       |full_adder:fa6|         ; 1 (1)             ; 0 (0)        ; 0                 ; 0          ; 0    ; 0            ; |alu|adder_32bit:add|full_adder:fa6                              ; work         ;
;       |full_adder:fa7|         ; 1 (1)             ; 0 (0)        ; 0                 ; 0          ; 0    ; 0            ; |alu|adder_32bit:add|full_adder:fa7                              ; work         ;
;       |full_adder:fa8|         ; 1 (1)             ; 0 (0)        ; 0                 ; 0          ; 0    ; 0            ; |alu|adder_32bit:add|full_adder:fa8                              ; work         ;
;       |full_adder:fa9|         ; 1 (1)             ; 0 (0)        ; 0                 ; 0          ; 0    ; 0            ; |alu|adder_32bit:add|full_adder:fa9                              ; work         ;
;    |bitwise_and:and_op|        ; 5 (5)             ; 0 (0)        ; 0                 ; 0          ; 0    ; 0            ; |alu|bitwise_and:and_op                                          ; work         ;
;    |mux_8to1:mux|              ; 33 (33)           ; 0 (0)        ; 0                 ; 0          ; 0    ; 0            ; |alu|mux_8to1:mux                                                ; work         ;
;    |subtractor_32bit:sub|      ; 40 (0)            ; 0 (0)        ; 0                 ; 0          ; 0    ; 0            ; |alu|subtractor_32bit:sub                                        ; work         ;
;       |adder_32bit:adder_inst| ; 40 (0)            ; 0 (0)        ; 0                 ; 0          ; 0    ; 0            ; |alu|subtractor_32bit:sub|adder_32bit:adder_inst                 ; work         ;
;          |full_adder:fa10|     ; 3 (3)             ; 0 (0)        ; 0                 ; 0          ; 0    ; 0            ; |alu|subtractor_32bit:sub|adder_32bit:adder_inst|full_adder:fa10 ; work         ;
;          |full_adder:fa11|     ; 1 (1)             ; 0 (0)        ; 0                 ; 0          ; 0    ; 0            ; |alu|subtractor_32bit:sub|adder_32bit:adder_inst|full_adder:fa11 ; work         ;
;          |full_adder:fa12|     ; 1 (1)             ; 0 (0)        ; 0                 ; 0          ; 0    ; 0            ; |alu|subtractor_32bit:sub|adder_32bit:adder_inst|full_adder:fa12 ; work         ;
;          |full_adder:fa13|     ; 1 (1)             ; 0 (0)        ; 0                 ; 0          ; 0    ; 0            ; |alu|subtractor_32bit:sub|adder_32bit:adder_inst|full_adder:fa13 ; work         ;
;          |full_adder:fa14|     ; 1 (1)             ; 0 (0)        ; 0                 ; 0          ; 0    ; 0            ; |alu|subtractor_32bit:sub|adder_32bit:adder_inst|full_adder:fa14 ; work         ;
;          |full_adder:fa15|     ; 3 (3)             ; 0 (0)        ; 0                 ; 0          ; 0    ; 0            ; |alu|subtractor_32bit:sub|adder_32bit:adder_inst|full_adder:fa15 ; work         ;
;          |full_adder:fa16|     ; 1 (1)             ; 0 (0)        ; 0                 ; 0          ; 0    ; 0            ; |alu|subtractor_32bit:sub|adder_32bit:adder_inst|full_adder:fa16 ; work         ;
;          |full_adder:fa17|     ; 1 (1)             ; 0 (0)        ; 0                 ; 0          ; 0    ; 0            ; |alu|subtractor_32bit:sub|adder_32bit:adder_inst|full_adder:fa17 ; work         ;
;          |full_adder:fa18|     ; 1 (1)             ; 0 (0)        ; 0                 ; 0          ; 0    ; 0            ; |alu|subtractor_32bit:sub|adder_32bit:adder_inst|full_adder:fa18 ; work         ;
;          |full_adder:fa19|     ; 1 (1)             ; 0 (0)        ; 0                 ; 0          ; 0    ; 0            ; |alu|subtractor_32bit:sub|adder_32bit:adder_inst|full_adder:fa19 ; work         ;
;          |full_adder:fa1|      ; 1 (1)             ; 0 (0)        ; 0                 ; 0          ; 0    ; 0            ; |alu|subtractor_32bit:sub|adder_32bit:adder_inst|full_adder:fa1  ; work         ;
;          |full_adder:fa20|     ; 3 (3)             ; 0 (0)        ; 0                 ; 0          ; 0    ; 0            ; |alu|subtractor_32bit:sub|adder_32bit:adder_inst|full_adder:fa20 ; work         ;
;          |full_adder:fa21|     ; 1 (1)             ; 0 (0)        ; 0                 ; 0          ; 0    ; 0            ; |alu|subtractor_32bit:sub|adder_32bit:adder_inst|full_adder:fa21 ; work         ;
;          |full_adder:fa22|     ; 1 (1)             ; 0 (0)        ; 0                 ; 0          ; 0    ; 0            ; |alu|subtractor_32bit:sub|adder_32bit:adder_inst|full_adder:fa22 ; work         ;
;          |full_adder:fa23|     ; 1 (1)             ; 0 (0)        ; 0                 ; 0          ; 0    ; 0            ; |alu|subtractor_32bit:sub|adder_32bit:adder_inst|full_adder:fa23 ; work         ;
;          |full_adder:fa24|     ; 1 (1)             ; 0 (0)        ; 0                 ; 0          ; 0    ; 0            ; |alu|subtractor_32bit:sub|adder_32bit:adder_inst|full_adder:fa24 ; work         ;
;          |full_adder:fa25|     ; 3 (3)             ; 0 (0)        ; 0                 ; 0          ; 0    ; 0            ; |alu|subtractor_32bit:sub|adder_32bit:adder_inst|full_adder:fa25 ; work         ;
;          |full_adder:fa26|     ; 1 (1)             ; 0 (0)        ; 0                 ; 0          ; 0    ; 0            ; |alu|subtractor_32bit:sub|adder_32bit:adder_inst|full_adder:fa26 ; work         ;
;          |full_adder:fa27|     ; 1 (1)             ; 0 (0)        ; 0                 ; 0          ; 0    ; 0            ; |alu|subtractor_32bit:sub|adder_32bit:adder_inst|full_adder:fa27 ; work         ;
;          |full_adder:fa28|     ; 1 (1)             ; 0 (0)        ; 0                 ; 0          ; 0    ; 0            ; |alu|subtractor_32bit:sub|adder_32bit:adder_inst|full_adder:fa28 ; work         ;
;          |full_adder:fa29|     ; 1 (1)             ; 0 (0)        ; 0                 ; 0          ; 0    ; 0            ; |alu|subtractor_32bit:sub|adder_32bit:adder_inst|full_adder:fa29 ; work         ;
;          |full_adder:fa2|      ; 1 (1)             ; 0 (0)        ; 0                 ; 0          ; 0    ; 0            ; |alu|subtractor_32bit:sub|adder_32bit:adder_inst|full_adder:fa2  ; work         ;
;          |full_adder:fa30|     ; 1 (1)             ; 0 (0)        ; 0                 ; 0          ; 0    ; 0            ; |alu|subtractor_32bit:sub|adder_32bit:adder_inst|full_adder:fa30 ; work         ;
;          |full_adder:fa3|      ; 1 (1)             ; 0 (0)        ; 0                 ; 0          ; 0    ; 0            ; |alu|subtractor_32bit:sub|adder_32bit:adder_inst|full_adder:fa3  ; work         ;
;          |full_adder:fa4|      ; 1 (1)             ; 0 (0)        ; 0                 ; 0          ; 0    ; 0            ; |alu|subtractor_32bit:sub|adder_32bit:adder_inst|full_adder:fa4  ; work         ;
;          |full_adder:fa5|      ; 3 (3)             ; 0 (0)        ; 0                 ; 0          ; 0    ; 0            ; |alu|subtractor_32bit:sub|adder_32bit:adder_inst|full_adder:fa5  ; work         ;
;          |full_adder:fa6|      ; 1 (1)             ; 0 (0)        ; 0                 ; 0          ; 0    ; 0            ; |alu|subtractor_32bit:sub|adder_32bit:adder_inst|full_adder:fa6  ; work         ;
;          |full_adder:fa7|      ; 1 (1)             ; 0 (0)        ; 0                 ; 0          ; 0    ; 0            ; |alu|subtractor_32bit:sub|adder_32bit:adder_inst|full_adder:fa7  ; work         ;
;          |full_adder:fa8|      ; 1 (1)             ; 0 (0)        ; 0                 ; 0          ; 0    ; 0            ; |alu|subtractor_32bit:sub|adder_32bit:adder_inst|full_adder:fa8  ; work         ;
;          |full_adder:fa9|      ; 1 (1)             ; 0 (0)        ; 0                 ; 0          ; 0    ; 0            ; |alu|subtractor_32bit:sub|adder_32bit:adder_inst|full_adder:fa9  ; work         ;
+--------------------------------+-------------------+--------------+-------------------+------------+------+--------------+------------------------------------------------------------------+--------------+
Note: For table entries with two numbers listed, the numbers in parentheses indicate the number of resources of the given type used by the specific entity alone. The numbers listed outside of parentheses indicate the total resources of the given type used by the specific entity and all of its sub-entities in the hierarchy.


+------------------------------------------------------+
; General Register Statistics                          ;
+----------------------------------------------+-------+
; Statistic                                    ; Value ;
+----------------------------------------------+-------+
; Total registers                              ; 0     ;
; Number of registers using Synchronous Clear  ; 0     ;
; Number of registers using Synchronous Load   ; 0     ;
; Number of registers using Asynchronous Clear ; 0     ;
; Number of registers using Asynchronous Load  ; 0     ;
; Number of registers using Clock Enable       ; 0     ;
; Number of registers using Preset             ; 0     ;
+----------------------------------------------+-------+


+------------------------------------------------------------------------------------------------------------------------------------------+
; Multiplexer Restructuring Statistics (Restructuring Performed)                                                                           ;
+--------------------+-----------+---------------+----------------------+------------------------+------------+----------------------------+
; Multiplexer Inputs ; Bus Width ; Baseline Area ; Area if Restructured ; Saving if Restructured ; Registered ; Example Multiplexer Output ;
+--------------------+-----------+---------------+----------------------+------------------------+------------+----------------------------+
; 8:1                ; 31 bits   ; 155 LEs       ; 124 LEs              ; 31 LEs                 ; No         ; |alu|mux_8to1:mux|out[1]   ;
+--------------------+-----------+---------------+----------------------+------------------------+------------+----------------------------+


+------------------------------------------+
; Port Connectivity Checks: "mux_8to1:mux" ;
+------+-------+----------+----------------+
; Port ; Type  ; Severity ; Details        ;
+------+-------+----------+----------------+
; g    ; Input ; Info     ; Stuck at GND   ;
; h    ; Input ; Info     ; Stuck at GND   ;
+------+-------+----------+----------------+


+-------------------------------------------------------------------------+
; Port Connectivity Checks: "subtractor_32bit:sub|adder_32bit:adder_inst" ;
+------+-------+----------+-----------------------------------------------+
; Port ; Type  ; Severity ; Details                                       ;
+------+-------+----------+-----------------------------------------------+
; cin  ; Input ; Info     ; Stuck at VCC                                  ;
+------+-------+----------+-----------------------------------------------+


+----------------------------------------------------------------------------------------------------------------+
; Port Connectivity Checks: "adder_32bit:add|full_adder:fa31"                                                    ;
+------+--------+----------+-------------------------------------------------------------------------------------+
; Port ; Type   ; Severity ; Details                                                                             ;
+------+--------+----------+-------------------------------------------------------------------------------------+
; cout ; Output ; Info     ; Connected to dangling logic. Logic that only feeds a dangling port will be removed. ;
+------+--------+----------+-------------------------------------------------------------------------------------+


+---------------------------------------------+
; Port Connectivity Checks: "adder_32bit:add" ;
+------+-------+----------+-------------------+
; Port ; Type  ; Severity ; Details           ;
+------+-------+----------+-------------------+
; cin  ; Input ; Info     ; Stuck at GND      ;
+------+-------+----------+-------------------+


+-------------------------------+
; Elapsed Time Per Partition    ;
+----------------+--------------+
; Partition Name ; Elapsed Time ;
+----------------+--------------+
; Top            ; 00:00:00     ;
+----------------+--------------+


+-------------------------------+
; Analysis & Synthesis Messages ;
+-------------------------------+
Info: *******************************************************************
Info: Running Quartus II 64-Bit Analysis & Synthesis
    Info: Version 13.1.0 Build 162 10/23/2013 SJ Web Edition
    Info: Processing started: Wed Dec 18 16:50:09 2024
Info: Command: quartus_map --read_settings_files=on --write_settings_files=off alu -c alu
Info (20034): Auto device selection is not supported for Cyclone V device family. The default device, 5CGXFC7C7F23C8, is set.
Warning (20028): Parallel compilation is not licensed and has been disabled
Info (12021): Found 1 design units, including 1 entities, in source file subtractor_32bit.v
    Info (12023): Found entity 1: subtractor_32bit
Info (12021): Found 1 design units, including 1 entities, in source file mux_8to1.v
    Info (12023): Found entity 1: mux_8to1
Info (12021): Found 1 design units, including 1 entities, in source file full_adder.v
    Info (12023): Found entity 1: full_adder
Info (12021): Found 1 design units, including 1 entities, in source file bitwise_xor.v
    Info (12023): Found entity 1: bitwise_xor
Info (12021): Found 1 design units, including 1 entities, in source file bitwise_or.v
    Info (12023): Found entity 1: bitwise_or
Info (12021): Found 1 design units, including 1 entities, in source file bitwise_nor.v
    Info (12023): Found entity 1: bitwise_nor
Info (12021): Found 1 design units, including 1 entities, in source file bitwise_and.v
    Info (12023): Found entity 1: bitwise_and
Info (12021): Found 1 design units, including 1 entities, in source file alu_tb.v
    Info (12023): Found entity 1: alu_tb
Info (12021): Found 1 design units, including 1 entities, in source file alu.v
    Info (12023): Found entity 1: alu
Info (12021): Found 1 design units, including 1 entities, in source file adder_32bit.v
    Info (12023): Found entity 1: adder_32bit
Info (12127): Elaborating entity "alu" for the top level hierarchy
Info (12128): Elaborating entity "adder_32bit" for hierarchy "adder_32bit:add"
Info (12128): Elaborating entity "full_adder" for hierarchy "adder_32bit:add|full_adder:fa0"
Info (12128): Elaborating entity "subtractor_32bit" for hierarchy "subtractor_32bit:sub"
Info (12128): Elaborating entity "bitwise_and" for hierarchy "bitwise_and:and_op"
Info (12128): Elaborating entity "bitwise_or" for hierarchy "bitwise_or:or_op"
Info (12128): Elaborating entity "bitwise_xor" for hierarchy "bitwise_xor:xor_op"
Info (12128): Elaborating entity "bitwise_nor" for hierarchy "bitwise_nor:nor_op"
Info (12128): Elaborating entity "mux_8to1" for hierarchy "mux_8to1:mux"
Info (286030): Timing-Driven Synthesis is running
Info (16010): Generating hard_block partition "hard_block:auto_generated_inst"
    Info (16011): Adding 0 node(s), including 0 DDIO, 0 PLL, 0 transceiver and 0 LCELL
Warning (21074): Design contains 1 input pin(s) that do not drive logic
    Warning (15610): No output dependent on input pin "alu_op[3]"
Info (21057): Implemented 218 device resources after synthesis - the final resource count might be different
    Info (21058): Implemented 68 input pins
    Info (21059): Implemented 32 output pins
    Info (21061): Implemented 118 logic cells
Info: Quartus II 64-Bit Analysis & Synthesis was successful. 0 errors, 3 warnings
    Info: Peak virtual memory: 4686 megabytes
    Info: Processing ended: Wed Dec 18 16:50:11 2024
    Info: Elapsed time: 00:00:02
    Info: Total CPU time (on all processors): 00:00:01


